{
    "apiVersion": "v1",
    "items": [
        {
            "apiVersion": "v1",
            "kind": "Pod",
            "metadata": {
                "annotations": {
                    "cni.projectcalico.org/containerID": "5b6c134900c9d5a5796bd7cab2c195d3f53951041235955d23b629f9c28b776b",
                    "cni.projectcalico.org/podIP": "10.244.120.89/32",
                    "cni.projectcalico.org/podIPs": "10.244.120.89/32",
                    "kubectl.kubernetes.io/last-applied-configuration": "{\"apiVersion\":\"v1\",\"kind\":\"Pod\",\"metadata\":{\"annotations\":{},\"labels\":{\"access\":\"s3\",\"role\":\"analyst\"},\"name\":\"analyst\",\"namespace\":\"bd-g01\"},\"spec\":{\"automountServiceAccountToken\":false,\"containers\":[{\"command\":[\"sleep\",\"infinity\"],\"env\":[{\"name\":\"S3_ENDPOINT\",\"value\":\"http://objects:8333\"},{\"name\":\"PRINCIPAL\",\"value\":\"analyst\"}],\"envFrom\":[{\"secretRef\":{\"name\":\"s3-analyst\"}}],\"image\":\"s3-client:v1\",\"name\":\"client\",\"resources\":{\"limits\":{\"cpu\":\"500m\",\"memory\":\"512Mi\"},\"requests\":{\"cpu\":\"100m\",\"memory\":\"128Mi\"}},\"securityContext\":{\"allowPrivilegeEscalation\":false,\"capabilities\":{\"drop\":[\"ALL\"]},\"seccompProfile\":{\"type\":\"RuntimeDefault\"}}}],\"securityContext\":{\"runAsNonRoot\":true,\"runAsUser\":1000}}}\n"
                },
                "creationTimestamp": "2026-10-01T10:04:20Z",
                "generation": 1,
                "labels": {
                    "access": "s3",
                    "role": "analyst"
                },
                "name": "analyst",
                "namespace": "bd-g01",
                "resourceVersion": "9998",
                "uid": "a788eb9b-7ae3-4d72-b437-a92278c9d501"
            },
            "spec": {
                "automountServiceAccountToken": false,
                "containers": [
                    {
                        "command": [
                            "sleep",
                            "infinity"
                        ],
                        "env": [
                            {
                                "name": "S3_ENDPOINT",
                                "value": "http://objects:8333"
                            },
                            {
                                "name": "PRINCIPAL",
                                "value": "analyst"
                            }
                        ],
                        "envFrom": [
                            {
                                "secretRef": {
                                    "name": "s3-analyst"
                                }
                            }
                        ],
                        "image": "s3-client:v1",
                        "imagePullPolicy": "IfNotPresent",
                        "name": "client",
                        "resources": {
                            "limits": {
                                "cpu": "500m",
                                "memory": "512Mi"
                            },
                            "requests": {
                                "cpu": "100m",
                                "memory": "128Mi"
                            }
                        },
                        "securityContext": {
                            "allowPrivilegeEscalation": false,
                            "capabilities": {
                                "drop": [
                                    "ALL"
                                ]
                            },
                            "seccompProfile": {
                                "type": "RuntimeDefault"
                            }
                        },
                        "terminationMessagePath": "/dev/termination-log",
                        "terminationMessagePolicy": "File"
                    }
                ],
                "dnsPolicy": "ClusterFirst",
                "enableServiceLinks": true,
                "nodeName": "minikube",
                "preemptionPolicy": "PreemptLowerPriority",
                "priority": 0,
                "restartPolicy": "Always",
                "schedulerName": "default-scheduler",
                "securityContext": {
                    "runAsNonRoot": true,
                    "runAsUser": 1000
                },
                "serviceAccount": "default",
                "serviceAccountName": "default",
                "terminationGracePeriodSeconds": 30,
                "tolerations": [
                    {
                        "effect": "NoExecute",
                        "key": "node.kubernetes.io/not-ready",
                        "operator": "Exists",
                        "tolerationSeconds": 300
                    },
                    {
                        "effect": "NoExecute",
                        "key": "node.kubernetes.io/unreachable",
                        "operator": "Exists",
                        "tolerationSeconds": 300
                    }
                ]
            },
            "status": {
                "allocatedResources": {
                    "cpu": "100m",
                    "memory": "128Mi"
                },
                "conditions": [
                    {
                        "lastProbeTime": null,
                        "lastTransitionTime": "2026-10-04T14:06:30Z",
                        "observedGeneration": 1,
                        "status": "True",
                        "type": "PodReadyToStartContainers"
                    },
                    {
                        "lastProbeTime": null,
                        "lastTransitionTime": "2026-10-01T10:04:20Z",
                        "observedGeneration": 1,
                        "status": "True",
                        "type": "Initialized"
                    },
                    {
                        "lastProbeTime": null,
                        "lastTransitionTime": "2026-10-04T14:06:30Z",
                        "observedGeneration": 1,
                        "status": "True",
                        "type": "Ready"
                    },
                    {
                        "lastProbeTime": null,
                        "lastTransitionTime": "2026-10-04T14:06:30Z",
                        "observedGeneration": 1,
                        "status": "True",
                        "type": "ContainersReady"
                    },
                    {
                        "lastProbeTime": null,
                        "lastTransitionTime": "2026-10-01T10:04:20Z",
                        "observedGeneration": 1,
                        "status": "True",
                        "type": "PodScheduled"
                    }
                ],
                "containerStatuses": [
                    {
                        "allocatedResources": {
                            "cpu": "100m",
                            "memory": "128Mi"
                        },
                        "containerID": "containerd://d060779ac73ae5fa5b35b4aa3c65437525e845af7cb0870c42e9656342d26389",
                        "image": "docker.io/library/s3-client:v1",
                        "imageID": "sha256:a54d7dcafa8e588e4b66fa28ecf5c64ff2865d4d3e192c7db8d7b939a9453a53",
                        "lastState": {
                            "terminated": {
                                "containerID": "containerd://dd2ceca801d823d7c5b4fcb5dc658fe0b441fe815473ff2f46a0267cbc33aacb",
                                "exitCode": 255,
                                "finishedAt": "2026-10-04T14:05:47Z",
                                "reason": "Unknown",
                                "startedAt": "2026-10-02T15:05:05Z"
                            }
                        },
                        "name": "client",
                        "ready": true,
                        "resources": {
                            "limits": {
                                "cpu": "500m",
                                "memory": "512Mi"
                            },
                            "requests": {
                                "cpu": "100m",
                                "memory": "128Mi"
                            }
                        },
                        "restartCount": 2,
                        "started": true,
                        "state": {
                            "running": {
                                "startedAt": "2026-10-04T14:06:30Z"
                            }
                        },
                        "user": {
                            "linux": {
                                "gid": 0,
                                "supplementalGroups": [
                                    0
                                ],
                                "uid": 1000
                            }
                        }
                    }
                ],
                "hostIP": "192.168.49.2",
                "hostIPs": [
                    {
                        "ip": "192.168.49.2"
                    }
                ],
                "observedGeneration": 1,
                "phase": "Running",
                "podIP": "10.244.120.89",
                "podIPs": [
                    {
                        "ip": "10.244.120.89"
                    }
                ],
                "qosClass": "Burstable",
                "resources": {
                    "limits": {
                        "cpu": "500m",
                        "memory": "512Mi"
                    },
                    "requests": {
                        "cpu": "79m",
                        "memory": "128Mi"
                    }
                },
                "startTime": "2026-10-01T10:04:20Z"
            }
        },
        {
            "apiVersion": "v1",
            "kind": "Pod",
            "metadata": {
                "annotations": {
                    "cni.projectcalico.org/containerID": "e15617783347bd9d690ddd64e4ba8c767b165fee92b19192c3023a16c2495ab1",
                    "cni.projectcalico.org/podIP": "10.244.120.87/32",
                    "cni.projectcalico.org/podIPs": "10.244.120.87/32",
                    "kubectl.kubernetes.io/last-applied-configuration": "{\"apiVersion\":\"v1\",\"kind\":\"Pod\",\"metadata\":{\"annotations\":{},\"labels\":{\"role\":\"blocked\"},\"name\":\"blocked\",\"namespace\":\"bd-g01\"},\"spec\":{\"automountServiceAccountToken\":false,\"containers\":[{\"command\":[\"sleep\",\"infinity\"],\"env\":[{\"name\":\"S3_ENDPOINT\",\"value\":\"http://objects:8333\"},{\"name\":\"PRINCIPAL\",\"value\":\"blocked\"}],\"image\":\"s3-client:v1\",\"name\":\"client\",\"resources\":{\"limits\":{\"cpu\":\"500m\",\"memory\":\"512Mi\"},\"requests\":{\"cpu\":\"100m\",\"memory\":\"128Mi\"}},\"securityContext\":{\"allowPrivilegeEscalation\":false,\"capabilities\":{\"drop\":[\"ALL\"]},\"seccompProfile\":{\"type\":\"RuntimeDefault\"}}}],\"securityContext\":{\"runAsNonRoot\":true,\"runAsUser\":1000}}}\n"
                },
                "creationTimestamp": "2026-10-01T10:04:20Z",
                "generation": 1,
                "labels": {
                    "role": "blocked"
                },
                "name": "blocked",
                "namespace": "bd-g01",
                "resourceVersion": "9982",
                "uid": "897e7a7d-7cea-4b01-9881-13154afaaaab"
            },
            "spec": {
                "automountServiceAccountToken": false,
                "containers": [
                    {
                        "command": [
                            "sleep",
                            "infinity"
                        ],
                        "env": [
                            {
                                "name": "S3_ENDPOINT",
                                "value": "http://objects:8333"
                            },
                            {
                                "name": "PRINCIPAL",
                                "value": "blocked"
                            }
                        ],
                        "image": "s3-client:v1",
                        "imagePullPolicy": "IfNotPresent",
                        "name": "client",
                        "resources": {
                            "limits": {
                                "cpu": "500m",
                                "memory": "512Mi"
                            },
                            "requests": {
                                "cpu": "100m",
                                "memory": "128Mi"
                            }
                        },
                        "securityContext": {
                            "allowPrivilegeEscalation": false,
                            "capabilities": {
                                "drop": [
                                    "ALL"
                                ]
                            },
                            "seccompProfile": {
                                "type": "RuntimeDefault"
                            }
                        },
                        "terminationMessagePath": "/dev/termination-log",
                        "terminationMessagePolicy": "File"
                    }
                ],
                "dnsPolicy": "ClusterFirst",
                "enableServiceLinks": true,
                "nodeName": "minikube",
                "preemptionPolicy": "PreemptLowerPriority",
                "priority": 0,
                "restartPolicy": "Always",
                "schedulerName": "default-scheduler",
                "securityContext": {
                    "runAsNonRoot": true,
                    "runAsUser": 1000
                },
                "serviceAccount": "default",
                "serviceAccountName": "default",
                "terminationGracePeriodSeconds": 30,
                "tolerations": [
                    {
                        "effect": "NoExecute",
                        "key": "node.kubernetes.io/not-ready",
                        "operator": "Exists",
                        "tolerationSeconds": 300
                    },
                    {
                        "effect": "NoExecute",
                        "key": "node.kubernetes.io/unreachable",
                        "operator": "Exists",
                        "tolerationSeconds": 300
                    }
                ]
            },
            "status": {
                "allocatedResources": {
                    "cpu": "100m",
                    "memory": "128Mi"
                },
                "conditions": [
                    {
                        "lastProbeTime": null,
                        "lastTransitionTime": "2026-10-04T14:06:29Z",
                        "observedGeneration": 1,
                        "status": "True",
                        "type": "PodReadyToStartContainers"
                    },
                    {
                        "lastProbeTime": null,
                        "lastTransitionTime": "2026-10-01T10:04:21Z",
                        "observedGeneration": 1,
                        "status": "True",
                        "type": "Initialized"
                    },
                    {
                        "lastProbeTime": null,
                        "lastTransitionTime": "2026-10-04T14:06:29Z",
                        "observedGeneration": 1,
                        "status": "True",
                        "type": "Ready"
                    },
                    {
                        "lastProbeTime": null,
                        "lastTransitionTime": "2026-10-04T14:06:29Z",
                        "observedGeneration": 1,
                        "status": "True",
                        "type": "ContainersReady"
                    },
                    {
                        "lastProbeTime": null,
                        "lastTransitionTime": "2026-10-01T10:04:20Z",
                        "observedGeneration": 1,
                        "status": "True",
                        "type": "PodScheduled"
                    }
                ],
                "containerStatuses": [
                    {
                        "allocatedResources": {
                            "cpu": "100m",
                            "memory": "128Mi"
                        },
                        "containerID": "containerd://b1e0b13f63d50471424322ab1577bdd8c18acdf9352912efc51e684e415a8b6a",
                        "image": "docker.io/library/s3-client:v1",
                        "imageID": "sha256:a54d7dcafa8e588e4b66fa28ecf5c64ff2865d4d3e192c7db8d7b939a9453a53",
                        "lastState": {
                            "terminated": {
                                "containerID": "containerd://e116b1cc75fe4d794c35c2d7d2516bd3c12f95c1c16ad05a0b51a9aa23ee70e9",
                                "exitCode": 255,
                                "finishedAt": "2026-10-04T14:05:47Z",
                                "reason": "Unknown",
                                "startedAt": "2026-10-02T15:05:05Z"
                            }
                        },
                        "name": "client",
                        "ready": true,
                        "resources": {
                            "limits": {
                                "cpu": "500m",
                                "memory": "512Mi"
                            },
                            "requests": {
                                "cpu": "100m",
                                "memory": "128Mi"
                            }
                        },
                        "restartCount": 2,
                        "started": true,
                        "state": {
                            "running": {
                                "startedAt": "2026-10-04T14:06:29Z"
                            }
                        },
                        "user": {
                            "linux": {
                                "gid": 0,
                                "supplementalGroups": [
                                    0
                                ],
                                "uid": 1000
                            }
                        }
                    }
                ],
                "hostIP": "192.168.49.2",
                "hostIPs": [
                    {
                        "ip": "192.168.49.2"
                    }
                ],
                "observedGeneration": 1,
                "phase": "Running",
                "podIP": "10.244.120.87",
                "podIPs": [
                    {
                        "ip": "10.244.120.87"
                    }
                ],
                "qosClass": "Burstable",
                "resources": {
                    "limits": {
                        "cpu": "500m",
                        "memory": "512Mi"
                    },
                    "requests": {
                        "cpu": "79m",
                        "memory": "128Mi"
                    }
                },
                "startTime": "2026-10-01T10:04:21Z"
            }
        },
        {
            "apiVersion": "v1",
            "kind": "Pod",
            "metadata": {
                "annotations": {
                    "cni.projectcalico.org/containerID": "afd6c3b5a2b03a20a84c493b694dfa3e7b508d7bd1ce21a5618dadec377ee6ee",
                    "cni.projectcalico.org/podIP": "10.244.120.86/32",
                    "cni.projectcalico.org/podIPs": "10.244.120.86/32",
                    "kubectl.kubernetes.io/last-applied-configuration": "{\"apiVersion\":\"v1\",\"kind\":\"Pod\",\"metadata\":{\"annotations\":{},\"labels\":{\"access\":\"s3\",\"role\":\"ingestor\"},\"name\":\"ingestor\",\"namespace\":\"bd-g01\"},\"spec\":{\"automountServiceAccountToken\":false,\"containers\":[{\"command\":[\"sleep\",\"infinity\"],\"env\":[{\"name\":\"S3_ENDPOINT\",\"value\":\"http://objects:8333\"},{\"name\":\"PRINCIPAL\",\"value\":\"ingestor\"}],\"envFrom\":[{\"secretRef\":{\"name\":\"s3-ingestor\"}}],\"image\":\"s3-client:v1\",\"name\":\"client\",\"resources\":{\"limits\":{\"cpu\":\"500m\",\"memory\":\"512Mi\"},\"requests\":{\"cpu\":\"100m\",\"memory\":\"128Mi\"}},\"securityContext\":{\"allowPrivilegeEscalation\":false,\"capabilities\":{\"drop\":[\"ALL\"]},\"seccompProfile\":{\"type\":\"RuntimeDefault\"}}}],\"securityContext\":{\"runAsNonRoot\":true,\"runAsUser\":1000}}}\n"
                },
                "creationTimestamp": "2026-10-01T10:04:20Z",
                "generation": 1,
                "labels": {
                    "access": "s3",
                    "role": "ingestor"
                },
                "name": "ingestor",
                "namespace": "bd-g01",
                "resourceVersion": "9943",
                "uid": "08b6bb72-956d-4589-aecd-10a44d5630a6"
            },
            "spec": {
                "automountServiceAccountToken": false,
                "containers": [
                    {
                        "command": [
                            "sleep",
                            "infinity"
                        ],
                        "env": [
                            {
                                "name": "S3_ENDPOINT",
                                "value": "http://objects:8333"
                            },
                            {
                                "name": "PRINCIPAL",
                                "value": "ingestor"
                            }
                        ],
                        "envFrom": [
                            {
                                "secretRef": {
                                    "name": "s3-ingestor"
                                }
                            }
                        ],
                        "image": "s3-client:v1",
                        "imagePullPolicy": "IfNotPresent",
                        "name": "client",
                        "resources": {
                            "limits": {
                                "cpu": "500m",
                                "memory": "512Mi"
                            },
                            "requests": {
                                "cpu": "100m",
                                "memory": "128Mi"
                            }
                        },
                        "securityContext": {
                            "allowPrivilegeEscalation": false,
                            "capabilities": {
                                "drop": [
                                    "ALL"
                                ]
                            },
                            "seccompProfile": {
                                "type": "RuntimeDefault"
                            }
                        },
                        "terminationMessagePath": "/dev/termination-log",
                        "terminationMessagePolicy": "File"
                    }
                ],
                "dnsPolicy": "ClusterFirst",
                "enableServiceLinks": true,
                "nodeName": "minikube",
                "preemptionPolicy": "PreemptLowerPriority",
                "priority": 0,
                "restartPolicy": "Always",
                "schedulerName": "default-scheduler",
                "securityContext": {
                    "runAsNonRoot": true,
                    "runAsUser": 1000
                },
                "serviceAccount": "default",
                "serviceAccountName": "default",
                "terminationGracePeriodSeconds": 30,
                "tolerations": [
                    {
                        "effect": "NoExecute",
                        "key": "node.kubernetes.io/not-ready",
                        "operator": "Exists",
                        "tolerationSeconds": 300
                    },
                    {
                        "effect": "NoExecute",
                        "key": "node.kubernetes.io/unreachable",
                        "operator": "Exists",
                        "tolerationSeconds": 300
                    }
                ]
            },
            "status": {
                "allocatedResources": {
                    "cpu": "100m",
                    "memory": "128Mi"
                },
                "conditions": [
                    {
                        "lastProbeTime": null,
                        "lastTransitionTime": "2026-10-04T14:06:27Z",
                        "observedGeneration": 1,
                        "status": "True",
                        "type": "PodReadyToStartContainers"
                    },
                    {
                        "lastProbeTime": null,
                        "lastTransitionTime": "2026-10-01T10:04:20Z",
                        "observedGeneration": 1,
                        "status": "True",
                        "type": "Initialized"
                    },
                    {
                        "lastProbeTime": null,
                        "lastTransitionTime": "2026-10-04T14:06:27Z",
                        "observedGeneration": 1,
                        "status": "True",
                        "type": "Ready"
                    },
                    {
                        "lastProbeTime": null,
                        "lastTransitionTime": "2026-10-04T14:06:27Z",
                        "observedGeneration": 1,
                        "status": "True",
                        "type": "ContainersReady"
                    },
                    {
                        "lastProbeTime": null,
                        "lastTransitionTime": "2026-10-01T10:04:20Z",
                        "observedGeneration": 1,
                        "status": "True",
                        "type": "PodScheduled"
                    }
                ],
                "containerStatuses": [
                    {
                        "allocatedResources": {
                            "cpu": "100m",
                            "memory": "128Mi"
                        },
                        "containerID": "containerd://626ea3077e03686fd70bbb8f42f72364e88004b43b0cf1eaadf2b6162a6ec67d",
                        "image": "docker.io/library/s3-client:v1",
                        "imageID": "sha256:a54d7dcafa8e588e4b66fa28ecf5c64ff2865d4d3e192c7db8d7b939a9453a53",
                        "lastState": {
                            "terminated": {
                                "containerID": "containerd://7f21563d504202f06159c5b09463a363720590b859f1d47fd69f28c98708673c",
                                "exitCode": 255,
                                "finishedAt": "2026-10-04T14:05:47Z",
                                "reason": "Unknown",
                                "startedAt": "2026-10-02T15:05:07Z"
                            }
                        },
                        "name": "client",
                        "ready": true,
                        "resources": {
                            "limits": {
                                "cpu": "500m",
                                "memory": "512Mi"
                            },
                            "requests": {
                                "cpu": "100m",
                                "memory": "128Mi"
                            }
                        },
                        "restartCount": 2,
                        "started": true,
                        "state": {
                            "running": {
                                "startedAt": "2026-10-04T14:06:27Z"
                            }
                        },
                        "user": {
                            "linux": {
                                "gid": 0,
                                "supplementalGroups": [
                                    0
                                ],
                                "uid": 1000
                            }
                        }
                    }
                ],
                "hostIP": "192.168.49.2",
                "hostIPs": [
                    {
                        "ip": "192.168.49.2"
                    }
                ],
                "observedGeneration": 1,
                "phase": "Running",
                "podIP": "10.244.120.86",
                "podIPs": [
                    {
                        "ip": "10.244.120.86"
                    }
                ],
                "qosClass": "Burstable",
                "resources": {
                    "limits": {
                        "cpu": "500m",
                        "memory": "512Mi"
                    },
                    "requests": {
                        "cpu": "79m",
                        "memory": "128Mi"
                    }
                },
                "startTime": "2026-10-01T10:04:20Z"
            }
        },
        {
            "apiVersion": "v1",
            "kind": "Pod",
            "metadata": {
                "annotations": {
                    "cni.projectcalico.org/containerID": "6115e328b2a6728985d6d852abdc81beac145b794981ff4670a823747b57bc19",
                    "cni.projectcalico.org/podIP": "10.244.120.85/32",
                    "cni.projectcalico.org/podIPs": "10.244.120.85/32"
                },
                "creationTimestamp": "2026-10-02T15:41:08Z",
                "generateName": "objects-74bd94c8cb-",
                "generation": 1,
                "labels": {
                    "app": "objects",
                    "pod-template-hash": "74bd94c8cb"
                },
                "name": "objects-74bd94c8cb-gvntk",
                "namespace": "bd-g01",
                "ownerReferences": [
                    {
                        "apiVersion": "apps/v1",
                        "blockOwnerDeletion": true,
                        "controller": true,
                        "kind": "ReplicaSet",
                        "name": "objects-74bd94c8cb",
                        "uid": "9c932c85-f145-4d1d-ab0f-2a0ae9ddc243"
                    }
                ],
                "resourceVersion": "10056",
                "uid": "9a554920-504e-4bed-9d15-bc9a62a66390"
            },
            "spec": {
                "automountServiceAccountToken": false,
                "containers": [
                    {
                        "args": [
                            "mini",
                            "-dir=/data",
                            "-s3.config=/auth/s3.json"
                        ],
                        "command": [
                            "weed"
                        ],
                        "image": "chrislusf/seaweedfs@sha256:f898c91e42d7da5f4bb13f1efd424ff03ba85b420312eb929708a384e8a8b03d",
                        "imagePullPolicy": "IfNotPresent",
                        "name": "store",
                        "ports": [
                            {
                                "containerPort": 8333,
                                "name": "s3",
                                "protocol": "TCP"
                            }
                        ],
                        "readinessProbe": {
                            "failureThreshold": 3,
                            "initialDelaySeconds": 5,
                            "periodSeconds": 3,
                            "successThreshold": 1,
                            "tcpSocket": {
                                "port": "s3"
                            },
                            "timeoutSeconds": 1
                        },
                        "resources": {
                            "limits": {
                                "cpu": "1",
                                "memory": "1Gi"
                            },
                            "requests": {
                                "cpu": "500m",
                                "memory": "512Mi"
                            }
                        },
                        "securityContext": {
                            "allowPrivilegeEscalation": false,
                            "capabilities": {
                                "drop": [
                                    "ALL"
                                ]
                            },
                            "seccompProfile": {
                                "type": "RuntimeDefault"
                            }
                        },
                        "terminationMessagePath": "/dev/termination-log",
                        "terminationMessagePolicy": "File",
                        "volumeMounts": [
                            {
                                "mountPath": "/data",
                                "name": "data"
                            },
                            {
                                "mountPath": "/auth",
                                "name": "auth",
                                "readOnly": true
                            }
                        ]
                    }
                ],
                "dnsPolicy": "ClusterFirst",
                "enableServiceLinks": true,
                "nodeName": "minikube",
                "preemptionPolicy": "PreemptLowerPriority",
                "priority": 0,
                "restartPolicy": "Always",
                "schedulerName": "default-scheduler",
                "securityContext": {
                    "fsGroup": 1000,
                    "runAsGroup": 1000,
                    "runAsNonRoot": true,
                    "runAsUser": 1000
                },
                "serviceAccount": "default",
                "serviceAccountName": "default",
                "terminationGracePeriodSeconds": 30,
                "tolerations": [
                    {
                        "effect": "NoExecute",
                        "key": "node.kubernetes.io/not-ready",
                        "operator": "Exists",
                        "tolerationSeconds": 300
                    },
                    {
                        "effect": "NoExecute",
                        "key": "node.kubernetes.io/unreachable",
                        "operator": "Exists",
                        "tolerationSeconds": 300
                    }
                ],
                "volumes": [
                    {
                        "name": "data",
                        "persistentVolumeClaim": {
                            "claimName": "object-data"
                        }
                    },
                    {
                        "name": "auth",
                        "secret": {
                            "defaultMode": 420,
                            "secretName": "s3-config"
                        }
                    }
                ]
            },
            "status": {
                "allocatedResources": {
                    "cpu": "500m",
                    "memory": "512Mi"
                },
                "conditions": [
                    {
                        "lastProbeTime": null,
                        "lastTransitionTime": "2026-10-04T14:06:27Z",
                        "observedGeneration": 1,
                        "status": "True",
                        "type": "PodReadyToStartContainers"
                    },
                    {
                        "lastProbeTime": null,
                        "lastTransitionTime": "2026-10-02T15:41:08Z",
                        "observedGeneration": 1,
                        "status": "True",
                        "type": "Initialized"
                    },
                    {
                        "lastProbeTime": null,
                        "lastTransitionTime": "2026-10-04T14:06:34Z",
                        "observedGeneration": 1,
                        "status": "True",
                        "type": "Ready"
                    },
                    {
                        "lastProbeTime": null,
                        "lastTransitionTime": "2026-10-04T14:06:34Z",
                        "observedGeneration": 1,
                        "status": "True",
                        "type": "ContainersReady"
                    },
                    {
                        "lastProbeTime": null,
                        "lastTransitionTime": "2026-10-02T15:41:08Z",
                        "observedGeneration": 1,
                        "status": "True",
                        "type": "PodScheduled"
                    }
                ],
                "containerStatuses": [
                    {
                        "allocatedResources": {
                            "cpu": "500m",
                            "memory": "512Mi"
                        },
                        "containerID": "containerd://0882c554a9cc518d77a7b84aef470bb5c5158eed51f4d061cb9f49aa89d5127f",
                        "image": "sha256:93eba5f328c90cd9d704f6a742d46c56b09bacf97b0bdbd48ffb42fba8b200f7",
                        "imageID": "docker.io/chrislusf/seaweedfs@sha256:f898c91e42d7da5f4bb13f1efd424ff03ba85b420312eb929708a384e8a8b03d",
                        "lastState": {
                            "terminated": {
                                "containerID": "containerd://df077ddec70a715153630767cef22f1b1f4e9894905b32cac00caa79ce1eb301",
                                "exitCode": 255,
                                "finishedAt": "2026-10-04T14:05:47Z",
                                "reason": "Unknown",
                                "startedAt": "2026-10-02T15:43:40Z"
                            }
                        },
                        "name": "store",
                        "ready": true,
                        "resources": {
                            "limits": {
                                "cpu": "1",
                                "memory": "1Gi"
                            },
                            "requests": {
                                "cpu": "500m",
                                "memory": "512Mi"
                            }
                        },
                        "restartCount": 1,
                        "started": true,
                        "state": {
                            "running": {
                                "startedAt": "2026-10-04T14:06:27Z"
                            }
                        },
                        "user": {
                            "linux": {
                                "gid": 1000,
                                "supplementalGroups": [
                                    1000
                                ],
                                "uid": 1000
                            }
                        },
                        "volumeMounts": [
                            {
                                "mountPath": "/data",
                                "name": "data"
                            },
                            {
                                "mountPath": "/auth",
                                "name": "auth",
                                "readOnly": true,
                                "recursiveReadOnly": "Disabled"
                            }
                        ]
                    }
                ],
                "hostIP": "192.168.49.2",
                "hostIPs": [
                    {
                        "ip": "192.168.49.2"
                    }
                ],
                "observedGeneration": 1,
                "phase": "Running",
                "podIP": "10.244.120.85",
                "podIPs": [
                    {
                        "ip": "10.244.120.85"
                    }
                ],
                "qosClass": "Burstable",
                "resources": {
                    "limits": {
                        "cpu": "1",
                        "memory": "1Gi"
                    },
                    "requests": {
                        "cpu": "489m",
                        "memory": "512Mi"
                    }
                },
                "startTime": "2026-10-02T15:41:08Z"
            }
        },
        {
            "apiVersion": "v1",
            "kind": "Pod",
            "metadata": {
                "annotations": {
                    "cni.projectcalico.org/containerID": "a3be660dfd2569a328856e8d7e80fa87954a816cbd69406349b49e2bffe3f546",
                    "cni.projectcalico.org/podIP": "10.244.120.90/32",
                    "cni.projectcalico.org/podIPs": "10.244.120.90/32",
                    "kubectl.kubernetes.io/last-applied-configuration": "{\"apiVersion\":\"v1\",\"kind\":\"Pod\",\"metadata\":{\"annotations\":{},\"labels\":{\"access\":\"s3\",\"role\":\"owner\"},\"name\":\"owner\",\"namespace\":\"bd-g01\"},\"spec\":{\"automountServiceAccountToken\":false,\"containers\":[{\"command\":[\"sleep\",\"infinity\"],\"env\":[{\"name\":\"S3_ENDPOINT\",\"value\":\"http://objects:8333\"},{\"name\":\"PRINCIPAL\",\"value\":\"owner\"}],\"envFrom\":[{\"secretRef\":{\"name\":\"s3-owner\"}}],\"image\":\"s3-client:v1\",\"name\":\"client\",\"resources\":{\"limits\":{\"cpu\":\"500m\",\"memory\":\"512Mi\"},\"requests\":{\"cpu\":\"100m\",\"memory\":\"128Mi\"}},\"securityContext\":{\"allowPrivilegeEscalation\":false,\"capabilities\":{\"drop\":[\"ALL\"]},\"seccompProfile\":{\"type\":\"RuntimeDefault\"}}}],\"securityContext\":{\"runAsNonRoot\":true,\"runAsUser\":1000}}}\n"
                },
                "creationTimestamp": "2026-10-01T10:04:20Z",
                "generation": 1,
                "labels": {
                    "access": "s3",
                    "role": "owner"
                },
                "name": "owner",
                "namespace": "bd-g01",
                "resourceVersion": "10016",
                "uid": "3af212ac-77a4-42e8-b54a-14b3e7ca1f3b"
            },
            "spec": {
                "automountServiceAccountToken": false,
                "containers": [
                    {
                        "command": [
                            "sleep",
                            "infinity"
                        ],
                        "env": [
                            {
                                "name": "S3_ENDPOINT",
                                "value": "http://objects:8333"
                            },
                            {
                                "name": "PRINCIPAL",
                                "value": "owner"
                            }
                        ],
                        "envFrom": [
                            {
                                "secretRef": {
                                    "name": "s3-owner"
                                }
                            }
                        ],
                        "image": "s3-client:v1",
                        "imagePullPolicy": "IfNotPresent",
                        "name": "client",
                        "resources": {
                            "limits": {
                                "cpu": "500m",
                                "memory": "512Mi"
                            },
                            "requests": {
                                "cpu": "100m",
                                "memory": "128Mi"
                            }
                        },
                        "securityContext": {
                            "allowPrivilegeEscalation": false,
                            "capabilities": {
                                "drop": [
                                    "ALL"
                                ]
                            },
                            "seccompProfile": {
                                "type": "RuntimeDefault"
                            }
                        },
                        "terminationMessagePath": "/dev/termination-log",
                        "terminationMessagePolicy": "File"
                    }
                ],
                "dnsPolicy": "ClusterFirst",
                "enableServiceLinks": true,
                "nodeName": "minikube",
                "preemptionPolicy": "PreemptLowerPriority",
                "priority": 0,
                "restartPolicy": "Always",
                "schedulerName": "default-scheduler",
                "securityContext": {
                    "runAsNonRoot": true,
                    "runAsUser": 1000
                },
                "serviceAccount": "default",
                "serviceAccountName": "default",
                "terminationGracePeriodSeconds": 30,
                "tolerations": [
                    {
                        "effect": "NoExecute",
                        "key": "node.kubernetes.io/not-ready",
                        "operator": "Exists",
                        "tolerationSeconds": 300
                    },
                    {
                        "effect": "NoExecute",
                        "key": "node.kubernetes.io/unreachable",
                        "operator": "Exists",
                        "tolerationSeconds": 300
                    }
                ]
            },
            "status": {
                "allocatedResources": {
                    "cpu": "100m",
                    "memory": "128Mi"
                },
                "conditions": [
                    {
                        "lastProbeTime": null,
                        "lastTransitionTime": "2026-10-04T14:06:30Z",
                        "observedGeneration": 1,
                        "status": "True",
                        "type": "PodReadyToStartContainers"
                    },
                    {
                        "lastProbeTime": null,
                        "lastTransitionTime": "2026-10-01T10:04:20Z",
                        "observedGeneration": 1,
                        "status": "True",
                        "type": "Initialized"
                    },
                    {
                        "lastProbeTime": null,
                        "lastTransitionTime": "2026-10-04T14:06:31Z",
                        "observedGeneration": 1,
                        "status": "True",
                        "type": "Ready"
                    },
                    {
                        "lastProbeTime": null,
                        "lastTransitionTime": "2026-10-04T14:06:31Z",
                        "observedGeneration": 1,
                        "status": "True",
                        "type": "ContainersReady"
                    },
                    {
                        "lastProbeTime": null,
                        "lastTransitionTime": "2026-10-01T10:04:20Z",
                        "observedGeneration": 1,
                        "status": "True",
                        "type": "PodScheduled"
                    }
                ],
                "containerStatuses": [
                    {
                        "allocatedResources": {
                            "cpu": "100m",
                            "memory": "128Mi"
                        },
                        "containerID": "containerd://401e9687a659713c69268a10dcf368f7d0516045363b5434358113eda567ca48",
                        "image": "docker.io/library/s3-client:v1",
                        "imageID": "sha256:a54d7dcafa8e588e4b66fa28ecf5c64ff2865d4d3e192c7db8d7b939a9453a53",
                        "lastState": {
                            "terminated": {
                                "containerID": "containerd://d6a62b3e84c0f71a2f84939372b5dcf364704bbe2658d9feca09cfdb77fc640e",
                                "exitCode": 255,
                                "finishedAt": "2026-10-04T14:05:47Z",
                                "reason": "Unknown",
                                "startedAt": "2026-10-02T15:05:03Z"
                            }
                        },
                        "name": "client",
                        "ready": true,
                        "resources": {
                            "limits": {
                                "cpu": "500m",
                                "memory": "512Mi"
                            },
                            "requests": {
                                "cpu": "100m",
                                "memory": "128Mi"
                            }
                        },
                        "restartCount": 2,
                        "started": true,
                        "state": {
                            "running": {
                                "startedAt": "2026-10-04T14:06:31Z"
                            }
                        },
                        "user": {
                            "linux": {
                                "gid": 0,
                                "supplementalGroups": [
                                    0
                                ],
                                "uid": 1000
                            }
                        }
                    }
                ],
                "hostIP": "192.168.49.2",
                "hostIPs": [
                    {
                        "ip": "192.168.49.2"
                    }
                ],
                "observedGeneration": 1,
                "phase": "Running",
                "podIP": "10.244.120.90",
                "podIPs": [
                    {
                        "ip": "10.244.120.90"
                    }
                ],
                "qosClass": "Burstable",
                "resources": {
                    "limits": {
                        "cpu": "500m",
                        "memory": "512Mi"
                    },
                    "requests": {
                        "cpu": "79m",
                        "memory": "128Mi"
                    }
                },
                "startTime": "2026-10-01T10:04:20Z"
            }
        }
    ],
    "kind": "List",
    "metadata": {
        "resourceVersion": ""
    }
}
