
  Starting SeaweedFS Mini ...
  Master       starting
  Master       ready     0.2s
  Volume       starting
  Volume       ready     0.2s
  Filer        starting
W1002 15:43:41.715247 filer_server.go:215 skipping default store dir in /data/filerldb2
  Filer        ready     0.2s
  S3           starting
  WebDAV       starting
  S3           ready     0.2s
  Iceberg      starting
  Iceberg      ready     0.0s
  WebDAV       ready     0.2s
  Admin        starting
  Admin        ready     0.5s
╔═══════════════════════════════════════════════════════════════════════════════╗
║                      SeaweedFS Mini - All-in-One Mode                         ║
╚═══════════════════════════════════════════════════════════════════════════════╝

  All enabled components are running and ready to use:

    Master UI:       http://10.244.120.82:9333
    Volume Server:   http://10.244.120.82:9340
    Filer UI:        http://10.244.120.82:8888
    WebDAV:          http://10.244.120.82:7333
    S3 Endpoint:     http://10.244.120.82:8333
    Iceberg Catalog: http://10.244.120.82:8181
    Admin UI:        http://10.244.120.82:23646

  Data Directory:   /data
  Free Space:       949.54 GiB
  Volume Size:      1.00 GiB
  Volume Count:     949
  Free Volumes:     949

  Press Ctrl+C to stop all components
