apiVersion: v1
items:
- apiVersion: networking.k8s.io/v1
  kind: NetworkPolicy
  metadata:
    annotations:
      kubectl.kubernetes.io/last-applied-configuration: |
        {"apiVersion":"networking.k8s.io/v1","kind":"NetworkPolicy","metadata":{"annotations":{},"name":"private-object-store","namespace":"bd-g01"},"spec":{"ingress":[{"from":[{"podSelector":{"matchLabels":{"access":"s3"}}}],"ports":[{"port":8333,"protocol":"TCP"}]}],"podSelector":{"matchLabels":{"app":"objects"}},"policyTypes":["Ingress"]}}
    creationTimestamp: "2026-10-01T10:02:37Z"
    generation: 1
    name: private-object-store
    namespace: bd-g01
    resourceVersion: "1104"
    uid: ac1e73d1-5378-4407-b0f0-43b816e0e747
  spec:
    ingress:
    - from:
      - podSelector:
          matchLabels:
            access: s3
      ports:
      - port: 8333
        protocol: TCP
    podSelector:
      matchLabels:
        app: objects
    policyTypes:
    - Ingress
kind: List
metadata:
  resourceVersion: ""
